 Image boussolefret-ia-go-api Building 
#1 [internal] load local bake definitions
#1 reading from stdin 661B 0.1s done
#1 DONE 0.1s

#2 [internal] load build definition from Dockerfile
#2 transferring dockerfile: 338B 0.1s done
#2 DONE 0.1s

#3 [internal] load metadata for docker.io/library/alpine:3.20
#3 ...

#4 [auth] library/golang:pull token for registry-1.docker.io
#4 DONE 0.0s

#5 [auth] library/alpine:pull token for registry-1.docker.io
#5 DONE 0.0s

#6 [internal] load metadata for docker.io/library/golang:1-alpine
#6 DONE 1.8s

#3 [internal] load metadata for docker.io/library/alpine:3.20
#3 DONE 1.8s

#7 [internal] load .dockerignore
#7 transferring context: 2B done
#7 DONE 0.0s

#8 [internal] load build context
#8 DONE 0.0s

#9 [builder 1/6] FROM docker.io/library/golang:1-alpine@sha256:0178a641fbb4858c5f1b48e34bdaabe0350a330a1b1149aabd498d0699ff5fb2
#9 resolve docker.io/library/golang:1-alpine@sha256:0178a641fbb4858c5f1b48e34bdaabe0350a330a1b1149aabd498d0699ff5fb2 0.1s done
#9 DONE 0.1s

#10 [builder 2/6] WORKDIR /app
#10 CACHED

#11 [stage-1 1/3] FROM docker.io/library/alpine:3.20@sha256:d9e853e87e55526f6b2917df91a2115c36dd7c696a35be12163d44e6e2a4b6bc
#11 resolve docker.io/library/alpine:3.20@sha256:d9e853e87e55526f6b2917df91a2115c36dd7c696a35be12163d44e6e2a4b6bc 0.1s done
#11 CACHED

#8 [internal] load build context
#8 transferring context: 6.47kB 0.0s done
#8 DONE 0.0s

#12 [builder 3/6] COPY go.mod ./
#12 DONE 0.0s

#13 [builder 4/6] COPY . .
#13 DONE 0.1s

#14 [stage-1 2/3] RUN apk add --no-cache ca-certificates
#14 0.260 fetch https://dl-cdn.alpinelinux.org/alpine/v3.20/main/x86_64/APKINDEX.tar.gz
#14 2.150 fetch https://dl-cdn.alpinelinux.org/alpine/v3.20/community/x86_64/APKINDEX.tar.gz
#14 4.535 (1/1) Installing ca-certificates (20260413-r0)
#14 4.827 Executing busybox-1.36.1-r31.trigger
#14 4.836 Executing ca-certificates-20260413-r0.trigger
#14 4.912 OK: 8 MiB in 15 packages
#14 DONE 5.1s

#15 [builder 5/6] RUN go mod tidy
#15 0.360 go: downloading github.com/jackc/pgx/v5 v5.6.0
#15 0.360 go: downloading github.com/gin-gonic/gin v1.10.0
#15 0.361 go: downloading github.com/golang-jwt/jwt/v5 v5.0.0
#15 4.424 go: downloading github.com/jackc/puddle/v2 v2.2.1
#15 4.424 go: downloading github.com/stretchr/testify v1.9.0
#15 4.440 go: downloading github.com/jackc/pgpassfile v1.0.0
#15 5.403 go: downloading github.com/jackc/pgservicefile v0.0.0-20221227161230-091c0ba34f0a
#15 5.419 go: downloading golang.org/x/crypto v0.23.0
#15 5.419 go: downloading golang.org/x/text v0.15.0
#15 5.487 go: downloading github.com/gin-contrib/sse v0.1.0
#15 8.184 go: downloading github.com/mattn/go-isatty v0.0.20
#15 8.495 go: downloading golang.org/x/net v0.25.0
#15 12.32 go: downloading google.golang.org/protobuf v1.34.1
#15 13.53 go: downloading github.com/davecgh/go-spew v1.1.1
#15 13.53 go: downloading github.com/pmezard/go-difflib v1.0.0
#15 14.10 go: downloading gopkg.in/yaml.v3 v3.0.1
#15 14.20 go: downloading golang.org/x/sync v0.1.0
#15 14.41 go: downloading github.com/go-playground/validator/v10 v10.20.0
#15 14.44 go: downloading github.com/pelletier/go-toml/v2 v2.2.2
#15 14.99 go: downloading github.com/ugorji/go/codec v1.2.12
#15 15.00 go: downloading github.com/bytedance/sonic v1.11.6
#15 15.85 go: downloading github.com/goccy/go-json v0.10.2
#15 15.95 go: downloading github.com/json-iterator/go v1.1.12
#15 15.95 go: downloading golang.org/x/sys v0.20.0
#15 16.76 go: downloading gopkg.in/check.v1 v1.0.0-20201130134442-10cb98267c6c
#15 16.91 go: downloading github.com/gabriel-vasile/mimetype v1.4.3
#15 16.96 go: downloading github.com/go-playground/universal-translator v0.18.1
#15 17.22 go: downloading github.com/leodido/go-urn v1.4.0
#15 17.70 go: downloading github.com/go-playground/locales v0.14.1
#15 21.22 go: downloading github.com/kr/pretty v0.3.0
#15 21.22 go: downloading github.com/modern-go/reflect2 v1.0.2
#15 21.22 go: downloading github.com/modern-go/concurrent v0.0.0-20180306012644-bacd9c7ef1dd
#15 21.79 go: downloading golang.org/x/arch v0.8.0
#15 22.05 go: downloading github.com/cloudwego/base64x v0.1.4
#15 22.23 go: downloading github.com/bytedance/sonic/loader v0.1.1
#15 22.72 go: downloading github.com/twitchyliquid64/golang-asm v0.15.1
#15 23.66 go: downloading github.com/klauspost/cpuid/v2 v2.2.7
#15 23.66 go: downloading github.com/cloudwego/iasm v0.2.0
#15 31.00 go: downloading github.com/go-playground/assert/v2 v2.2.0
#15 31.87 go: downloading github.com/google/go-cmp v0.5.5
#15 32.60 go: downloading golang.org/x/xerrors v0.0.0-20191204190536-9bdfabe68543
#15 33.46 go: finding module for package github.com/rogpeppe/go-internal/fmtsort
#15 33.46 go: finding module for package github.com/kr/text
#15 34.35 go: downloading github.com/kr/text v0.2.0
#15 34.36 go: downloading github.com/rogpeppe/go-internal v1.15.0
#15 34.62 go: found github.com/kr/text in github.com/kr/text v0.2.0
#15 34.62 go: found github.com/rogpeppe/go-internal/fmtsort in github.com/rogpeppe/go-internal v1.15.0
#15 35.71 go: downloading golang.org/x/sys v0.26.0
#15 DONE 37.0s

#16 [builder 6/6] RUN CGO_ENABLED=0 GOOS=linux GOARCH=amd64 go build -o /bin/go-api ./cmd/api
#16 DONE 34.9s

#17 [stage-1 3/3] COPY --from=builder /bin/go-api /usr/local/bin/go-api
#17 DONE 0.1s

#18 exporting to image
#18 exporting layers
#18 exporting layers 1.0s done
#18 exporting manifest sha256:1d494cc5e63380dff5ec83029d96aed9ff6f8871fc9c8a0ff6dd07b7704086fe 0.0s done
#18 exporting config sha256:429403e3ab5f916426123f54a40fa306cccb16eee918c9a2d0a516e7b72ef77c 0.0s done
#18 exporting attestation manifest sha256:01fb84838a97d31081268fa1df8140cd6a108a200081368282b16ac6d474966c 0.1s done
#18 exporting manifest list sha256:deb49c84e464c5ac664b6081fe22273d1c4746d7c0c17fdd40230655bf0b69e4
#18 exporting manifest list sha256:deb49c84e464c5ac664b6081fe22273d1c4746d7c0c17fdd40230655bf0b69e4 0.0s done
#18 naming to docker.io/library/boussolefret-ia-go-api:latest done
#18 unpacking to docker.io/library/boussolefret-ia-go-api:latest
#18 unpacking to docker.io/library/boussolefret-ia-go-api:latest 0.3s done
#18 DONE 1.5s

#19 resolving provenance for metadata file
#19 DONE 0.1s
 Image boussolefret-ia-go-api Built 
